<html>
<body>
<pre>
<h1>µVision Build Log</h1>
<h2>Tool Versions:</h2>
IDE-Version: µVision V5.25.2.0
Copyright (C) 2018 ARM Ltd and ARM Germany GmbH. All rights reserved.
License Information: sathit ADMIN, -, LIC=46F30-B0DX5-MJC6G-V6TSK-HFE8K-8ZIBD
 
Tool Versions:
Toolchain:       *** Unknown Product ***  Version: 5.25.2.0
Toolchain Path:  C:\Keil_v5\ARM\ARMCC\Bin
C Compiler:      Armcc.exe V5.06 update 6 (build 750)
Assembler:       Armasm.exe V5.06 update 6 (build 750)
Linker/Locator:  ArmLink.exe V5.06 update 6 (build 750)
Library Manager: ArmAr.exe V5.06 update 6 (build 750)
Hex Converter:   FromElf.exe V5.06 update 6 (build 750)
CPU DLL:         SARMCM3.DLL V5.25.2.0
Dialog DLL:      DCM.DLL V1.17.1.0
Target DLL:      STLink\ST-LINKIII-KEIL_SWO.dll V3.0.1.0
Dialog DLL:      TCM.DLL V1.35.1.0
 
<h2>Project:</h2>
C:\Users\ADMIN\Documents\STM32\Test_Assignment\final_Assignment\MDK-ARM\final_Assignment.uvprojx
Project File Date:  03/29/2020

<h2>Output:</h2>
*** Using Compiler 'V5.06 update 6 (build 750)', folder: 'C:\Keil_v5\ARM\ARMCC\Bin'
Build target 'final_Assignment'
compiling main.c...
../Src/main.c(45): warning:  #223-D: function "map" declared implicitly
  			htim2.Instance->CCR3	= map(0,180,25,125,angle*3);					
../Src/main.c(50): warning:  #223-D: function "map" declared implicitly
  	htim2.Instance->CCR2 = map(0,180,25,125,angle*2);
../Src/main.c(55): warning:  #223-D: function "map" declared implicitly
  	htim2.Instance->CCR1 = map(0,180,25,125,angle*3);
../Src/main.c(59): warning:  #1294-D: Old-style function servo_sweep
  void servo_sweep(adc1,adc2,adc3)
../Src/main.c(59): warning:  #1079-D: standard requires that parameter "adc1"  be given a type by a subsequent declaration ("int" assumed)
  void servo_sweep(adc1,adc2,adc3)
../Src/main.c(59): warning:  #1079-D: standard requires that parameter "adc2"  be given a type by a subsequent declaration ("int" assumed)
  void servo_sweep(adc1,adc2,adc3)
../Src/main.c(59): warning:  #1079-D: standard requires that parameter "adc3"  be given a type by a subsequent declaration ("int" assumed)
  void servo_sweep(adc1,adc2,adc3)
../Src/main.c(115): warning:  #188-D: enumerated type mixed with another type
  		HAL_GPIO_WritePin(GPIOA,GPIO_PIN_7,1);
../Src/main.c(116): warning:  #188-D: enumerated type mixed with another type
  		HAL_GPIO_WritePin(GPIOA,GPIO_PIN_6,0);
../Src/main.c(259): warning:  #188-D: enumerated type mixed with another type
  		HAL_GPIO_WritePin(GPIOA,GPIO_PIN_6,1);
../Src/main.c(260): warning:  #188-D: enumerated type mixed with another type
  		HAL_GPIO_WritePin(GPIOA,GPIO_PIN_7,0);
../Src/main.c: 11 warnings, 0 errors
linking...
Program Size: Code=9940 RO-data=464 RW-data=24 ZI-data=1304  
FromELF: creating hex file...
"final_Assignment\final_Assignment.axf" - 0 Error(s), 11 Warning(s).

<h2>Software Packages used:</h2>

Package Vendor: ARM
                http://www.keil.com/pack/ARM.CMSIS.5.4.0.pack
                ARM.CMSIS.5.4.0
                CMSIS (Cortex Microcontroller Software Interface Standard)
   * Component: CORE Version: 5.1.2

Package Vendor: Keil
                http://www.keil.com/pack/Keil.STM32F4xx_DFP.2.14.0.pack
                Keil.STM32F4xx_DFP.2.14.0
                STMicroelectronics STM32F4 Series Device Support, Drivers and Examples

<h2>Collection of Component include folders:</h2>
  .\RTE\_final_Assignment
  C:\Keil_v5\ARM\PACK\ARM\CMSIS\5.4.0\CMSIS\Core\Include
  C:\Keil_v5\ARM\PACK\Keil\STM32F4xx_DFP\2.14.0\Drivers\CMSIS\Device\ST\STM32F4xx\Include

<h2>Collection of Component Files used:</h2>

   * Component: ARM::CMSIS:CORE:5.1.2
Build Time Elapsed:  00:00:03
</pre>
</body>
</html>
